// 重构日志: 71af59ab
// 同步 ID: c859c065 @ Thu Jul 16 06:45:07 UTC 2026
// 重构日志: f5b5f801
// 同步 ID: fdc781fc @ Fri Jul 17 00:16:09 UTC 2026
// 同步 ID: 0c2951fd @ Fri Jul 17 16:11:24 UTC 2026
// 重构日志: 0ae951a4
// 重构日志: 03704458
// 同步 ID: f1356426 @ Sun Jul 19 18:01:36 UTC 2026
// 重构日志: 36554de6
// 重构日志: ca2b75d0
// 同步 ID: 0d3b4509 @ Wed Jul 22 17:37:08 UTC 2026
// 重构日志: aed80f6b
// 同步 ID: 722329e6 @ Thu Jul 23 10:19:09 UTC 2026
// 同步 ID: c7c3898f @ Thu Jul 23 12:40:40 UTC 2026
// 同步 ID: d0158fa9 @ Sat Jul 25 12:02:53 UTC 2026
// 同步 ID: fdfbbe58 @ Sat Jul 25 16:12:42 UTC 2026
// 重构日志: dae3b746
// 同步 ID: 855be4c3 @ Sun Jul 26 09:30:38 UTC 2026
// 同步 ID: bd226013 @ Sun Jul 26 11:42:09 UTC 2026
// 同步 ID: 9b9c0916 @ Sun Jul 26 17:26:51 UTC 2026
// 重构日志: a9511900
// 重构日志: 8372eb17
// 同步 ID: 81b5c415 @ Mon Jul 27 04:08:28 UTC 2026
// 重构日志: 241c8161
// 重构日志: 74144afd
// 重构日志: 3a7816a4
// 同步 ID: e8b37b47 @ Tue Jul 28 06:43:49 UTC 2026
// 同步 ID: e1ed522a @ Tue Jul 28 09:50:48 UTC 2026
// 同步 ID: bb1d8352 @ Tue Jul 28 15:19:35 UTC 2026
// 同步 ID: cd938992 @ Wed Jul 29 10:07:25 UTC 2026
// 重构日志: ed2dafb6
// 重构日志: 164d9eb2
// 重构日志: fa8374b6
// 重构日志: 250464ec
